// Jest Snapshot v1, https://goo.gl/fbAQLP

exports[`fixtures: basic.html 1`] = `
Array [
  Object {
    "column": 2,
    "line": 1,
    "message": "Doctype must be declared first.
evidence: <!--comment--><!DOCTYPE html>
reference: https://github.com/thedaviddias/HTMLHint/wiki/doctype-first",
    "nodeType": null,
    "ruleId": "htm/doctype-first",
    "severity": 1,
  },
]
`;
