// Jest Snapshot v1, https://goo.gl/fbAQLP

exports[`fixtures: basic.txt 1`] = `[]`;
